Archive member included to satisfy reference by file (symbol)

e:/st/stm32cubeide_1.7.0/stm32cubeide/plugins/com.st.stm32cube.ide.mcu.externaltools.gnu-tools-for-stm32.9-2020-q2-update.win32_2.0.0.202105311346/tools/bin/../lib/gcc/arm-none-eabi/9.3.1/../../../../arm-none-eabi/lib/thumb/v7e-m+fp/hard\libc_nano.a(lib_a-errno.o)
                              ./Core/Src/syscalls.o (__errno)
e:/st/stm32cubeide_1.7.0/stm32cubeide/plugins/com.st.stm32cube.ide.mcu.externaltools.gnu-tools-for-stm32.9-2020-q2-update.win32_2.0.0.202105311346/tools/bin/../lib/gcc/arm-none-eabi/9.3.1/../../../../arm-none-eabi/lib/thumb/v7e-m+fp/hard\libc_nano.a(lib_a-exit.o)
                              e:/st/stm32cubeide_1.7.0/stm32cubeide/plugins/com.st.stm32cube.ide.mcu.externaltools.gnu-tools-for-stm32.9-2020-q2-update.win32_2.0.0.202105311346/tools/bin/../lib/gcc/arm-none-eabi/9.3.1/../../../../arm-none-eabi/lib/thumb/v7e-m+fp/hard/crt0.o (exit)
e:/st/stm32cubeide_1.7.0/stm32cubeide/plugins/com.st.stm32cube.ide.mcu.externaltools.gnu-tools-for-stm32.9-2020-q2-update.win32_2.0.0.202105311346/tools/bin/../lib/gcc/arm-none-eabi/9.3.1/../../../../arm-none-eabi/lib/thumb/v7e-m+fp/hard\libc_nano.a(lib_a-impure.o)
                              e:/st/stm32cubeide_1.7.0/stm32cubeide/plugins/com.st.stm32cube.ide.mcu.externaltools.gnu-tools-for-stm32.9-2020-q2-update.win32_2.0.0.202105311346/tools/bin/../lib/gcc/arm-none-eabi/9.3.1/../../../../arm-none-eabi/lib/thumb/v7e-m+fp/hard\libc_nano.a(lib_a-exit.o) (_global_impure_ptr)
e:/st/stm32cubeide_1.7.0/stm32cubeide/plugins/com.st.stm32cube.ide.mcu.externaltools.gnu-tools-for-stm32.9-2020-q2-update.win32_2.0.0.202105311346/tools/bin/../lib/gcc/arm-none-eabi/9.3.1/../../../../arm-none-eabi/lib/thumb/v7e-m+fp/hard\libc_nano.a(lib_a-init.o)
                              e:/st/stm32cubeide_1.7.0/stm32cubeide/plugins/com.st.stm32cube.ide.mcu.externaltools.gnu-tools-for-stm32.9-2020-q2-update.win32_2.0.0.202105311346/tools/bin/../lib/gcc/arm-none-eabi/9.3.1/../../../../arm-none-eabi/lib/thumb/v7e-m+fp/hard/crt0.o (__libc_init_array)
e:/st/stm32cubeide_1.7.0/stm32cubeide/plugins/com.st.stm32cube.ide.mcu.externaltools.gnu-tools-for-stm32.9-2020-q2-update.win32_2.0.0.202105311346/tools/bin/../lib/gcc/arm-none-eabi/9.3.1/../../../../arm-none-eabi/lib/thumb/v7e-m+fp/hard\libc_nano.a(lib_a-memset.o)
                              e:/st/stm32cubeide_1.7.0/stm32cubeide/plugins/com.st.stm32cube.ide.mcu.externaltools.gnu-tools-for-stm32.9-2020-q2-update.win32_2.0.0.202105311346/tools/bin/../lib/gcc/arm-none-eabi/9.3.1/../../../../arm-none-eabi/lib/thumb/v7e-m+fp/hard/crt0.o (memset)

Discarded input sections

 .text          0x0000000000000000        0x0 e:/st/stm32cubeide_1.7.0/stm32cubeide/plugins/com.st.stm32cube.ide.mcu.externaltools.gnu-tools-for-stm32.9-2020-q2-update.win32_2.0.0.202105311346/tools/bin/../lib/gcc/arm-none-eabi/9.3.1/thumb/v7e-m+fp/hard/crti.o
 .data          0x0000000000000000        0x0 e:/st/stm32cubeide_1.7.0/stm32cubeide/plugins/com.st.stm32cube.ide.mcu.externaltools.gnu-tools-for-stm32.9-2020-q2-update.win32_2.0.0.202105311346/tools/bin/../lib/gcc/arm-none-eabi/9.3.1/thumb/v7e-m+fp/hard/crti.o
 .bss           0x0000000000000000        0x0 e:/st/stm32cubeide_1.7.0/stm32cubeide/plugins/com.st.stm32cube.ide.mcu.externaltools.gnu-tools-for-stm32.9-2020-q2-update.win32_2.0.0.202105311346/tools/bin/../lib/gcc/arm-none-eabi/9.3.1/thumb/v7e-m+fp/hard/crti.o
 .data          0x0000000000000000        0x4 e:/st/stm32cubeide_1.7.0/stm32cubeide/plugins/com.st.stm32cube.ide.mcu.externaltools.gnu-tools-for-stm32.9-2020-q2-update.win32_2.0.0.202105311346/tools/bin/../lib/gcc/arm-none-eabi/9.3.1/thumb/v7e-m+fp/hard/crtbegin.o
 .text          0x0000000000000000       0x7c e:/st/stm32cubeide_1.7.0/stm32cubeide/plugins/com.st.stm32cube.ide.mcu.externaltools.gnu-tools-for-stm32.9-2020-q2-update.win32_2.0.0.202105311346/tools/bin/../lib/gcc/arm-none-eabi/9.3.1/../../../../arm-none-eabi/lib/thumb/v7e-m+fp/hard/crt0.o
 .data          0x0000000000000000        0x0 e:/st/stm32cubeide_1.7.0/stm32cubeide/plugins/com.st.stm32cube.ide.mcu.externaltools.gnu-tools-for-stm32.9-2020-q2-update.win32_2.0.0.202105311346/tools/bin/../lib/gcc/arm-none-eabi/9.3.1/../../../../arm-none-eabi/lib/thumb/v7e-m+fp/hard/crt0.o
 .bss           0x0000000000000000        0x0 e:/st/stm32cubeide_1.7.0/stm32cubeide/plugins/com.st.stm32cube.ide.mcu.externaltools.gnu-tools-for-stm32.9-2020-q2-update.win32_2.0.0.202105311346/tools/bin/../lib/gcc/arm-none-eabi/9.3.1/../../../../arm-none-eabi/lib/thumb/v7e-m+fp/hard/crt0.o
 .ARM.extab     0x0000000000000000        0x0 e:/st/stm32cubeide_1.7.0/stm32cubeide/plugins/com.st.stm32cube.ide.mcu.externaltools.gnu-tools-for-stm32.9-2020-q2-update.win32_2.0.0.202105311346/tools/bin/../lib/gcc/arm-none-eabi/9.3.1/../../../../arm-none-eabi/lib/thumb/v7e-m+fp/hard/crt0.o
[...]
Memory Configuration

Name             Origin             Length             Attributes
CCMRAM           0x0000000010000000 0x0000000000001000 xrw
RAM              0x0000000020000000 0x0000000000003000 xrw
FLASH            0x0000000008000000 0x0000000000010000 xr
*default*        0x0000000000000000 0xffffffffffffffff

Linker script and memory map

LOAD e:/st/stm32cubeide_1.7.0/stm32cubeide/plugins/com.st.stm32cube.ide.mcu.externaltools.gnu-tools-for-stm32.9-2020-q2-update.win32_2.0.0.202105311346/tools/bin/../lib/gcc/arm-none-eabi/9.3.1/thumb/v7e-m+fp/hard/crti.o
LOAD e:/st/stm32cubeide_1.7.0/stm32cubeide/plugins/com.st.stm32cube.ide.mcu.externaltools.gnu-tools-for-stm32.9-2020-q2-update.win32_2.0.0.202105311346/tools/bin/../lib/gcc/arm-none-eabi/9.3.1/thumb/v7e-m+fp/hard/crtbegin.o
LOAD e:/st/stm32cubeide_1.7.0/stm32cubeide/plugins/com.st.stm32cube.ide.mcu.externaltools.gnu-tools-for-stm32.9-2020-q2-update.win32_2.0.0.202105311346/tools/bin/../lib/gcc/arm-none-eabi/9.3.1/../../../../arm-none-eabi/lib/thumb/v7e-m+fp/hard/crt0.o
LOAD ./Core/Src/gpio.o
LOAD ./Core/Src/main.o
LOAD ./Core/Src/stm32f3xx_it.o
LOAD ./Core/Src/syscalls.o
LOAD ./Core/Src/sysmem.o
LOAD ./Core/Src/system_stm32f3xx.o
LOAD ./Core/Startup/startup_stm32f303k8tx.o
LOAD ./Drivers/STM32F3xx_HAL_Driver/Src/stm32f3xx_ll_exti.o
LOAD ./Drivers/STM32F3xx_HAL_Driver/Src/stm32f3xx_ll_gpio.o
LOAD ./Drivers/STM32F3xx_HAL_Driver/Src/stm32f3xx_ll_rcc.o
LOAD ./Drivers/STM32F3xx_HAL_Driver/Src/stm32f3xx_ll_utils.o
START GROUP
LOAD e:/st/stm32cubeide_1.7.0/stm32cubeide/plugins/com.st.stm32cube.ide.mcu.externaltools.gnu-tools-for-stm32.9-2020-q2-update.win32_2.0.0.202105311346/tools/bin/../lib/gcc/arm-none-eabi/9.3.1/../../../../arm-none-eabi/lib/thumb/v7e-m+fp/hard\libc_nano.a
LOAD e:/st/stm32cubeide_1.7.0/stm32cubeide/plugins/com.st.stm32cube.ide.mcu.externaltools.gnu-tools-for-stm32.9-2020-q2-update.win32_2.0.0.202105311346/tools/bin/../lib/gcc/arm-none-eabi/9.3.1/../../../../arm-none-eabi/lib/thumb/v7e-m+fp/hard\libm.a
END GROUP
START GROUP
LOAD e:/st/stm32cubeide_1.7.0/stm32cubeide/plugins/com.st.stm32cube.ide.mcu.externaltools.gnu-tools-for-stm32.9-2020-q2-update.win32_2.0.0.202105311346/tools/bin/../lib/gcc/arm-none-eabi/9.3.1/thumb/v7e-m+fp/hard\libgcc.a
LOAD e:/st/stm32cubeide_1.7.0/stm32cubeide/plugins/com.st.stm32cube.ide.mcu.externaltools.gnu-tools-for-stm32.9-2020-q2-update.win32_2.0.0.202105311346/tools/bin/../lib/gcc/arm-none-eabi/9.3.1/../../../../arm-none-eabi/lib/thumb/v7e-m+fp/hard\libc_nano.a
END GROUP
START GROUP
LOAD e:/st/stm32cubeide_1.7.0/stm32cubeide/plugins/com.st.stm32cube.ide.mcu.externaltools.gnu-tools-for-stm32.9-2020-q2-update.win32_2.0.0.202105311346/tools/bin/../lib/gcc/arm-none-eabi/9.3.1/thumb/v7e-m+fp/hard\libgcc.a
LOAD e:/st/stm32cubeide_1.7.0/stm32cubeide/plugins/com.st.stm32cube.ide.mcu.externaltools.gnu-tools-for-stm32.9-2020-q2-update.win32_2.0.0.202105311346/tools/bin/../lib/gcc/arm-none-eabi/9.3.1/../../../../arm-none-eabi/lib/thumb/v7e-m+fp/hard\libc_nano.a
LOAD e:/st/stm32cubeide_1.7.0/stm32cubeide/plugins/com.st.stm32cube.ide.mcu.externaltools.gnu-tools-for-stm32.9-2020-q2-update.win32_2.0.0.202105311346/tools/bin/../lib/gcc/arm-none-eabi/9.3.1/../../../../arm-none-eabi/lib/thumb/v7e-m+fp/hard\libnosys.a
END GROUP
START GROUP
LOAD e:/st/stm32cubeide_1.7.0/stm32cubeide/plugins/com.st.stm32cube.ide.mcu.externaltools.gnu-tools-for-stm32.9-2020-q2-update.win32_2.0.0.202105311346/tools/bin/../lib/gcc/arm-none-eabi/9.3.1/thumb/v7e-m+fp/hard\libgcc.a
LOAD e:/st/stm32cubeide_1.7.0/stm32cubeide/plugins/com.st.stm32cube.ide.mcu.externaltools.gnu-tools-for-stm32.9-2020-q2-update.win32_2.0.0.202105311346/tools/bin/../lib/gcc/arm-none-eabi/9.3.1/../../../../arm-none-eabi/lib/thumb/v7e-m+fp/hard\libc_nano.a
LOAD e:/st/stm32cubeide_1.7.0/stm32cubeide/plugins/com.st.stm32cube.ide.mcu.externaltools.gnu-tools-for-stm32.9-2020-q2-update.win32_2.0.0.202105311346/tools/bin/../lib/gcc/arm-none-eabi/9.3.1/../../../../arm-none-eabi/lib/thumb/v7e-m+fp/hard\libnosys.a
END GROUP
LOAD e:/st/stm32cubeide_1.7.0/stm32cubeide/plugins/com.st.stm32cube.ide.mcu.externaltools.gnu-tools-for-stm32.9-2020-q2-update.win32_2.0.0.202105311346/tools/bin/../lib/gcc/arm-none-eabi/9.3.1/thumb/v7e-m+fp/hard/crtend.o
LOAD e:/st/stm32cubeide_1.7.0/stm32cubeide/plugins/com.st.stm32cube.ide.mcu.externaltools.gnu-tools-for-stm32.9-2020-q2-update.win32_2.0.0.202105311346/tools/bin/../lib/gcc/arm-none-eabi/9.3.1/thumb/v7e-m+fp/hard/crtn.o
                0x0000000020003000                _estack = (ORIGIN (RAM) + LENGTH (RAM))
                0x0000000000000200                _Min_Heap_Size = 0x200
                0x0000000000000400                _Min_Stack_Size = 0x400

.isr_vector     0x0000000008000000      0x188
                0x0000000008000000                . = ALIGN (0x4)
 *(.isr_vector)
 .isr_vector    0x0000000008000000      0x188 ./Core/Startup/startup_stm32f303k8tx.o
                0x0000000008000000                g_pfnVectors
                0x0000000008000188                . = ALIGN (0x4)

.text           0x0000000008000188     0x1188
                0x0000000008000188                . = ALIGN (0x4)
 *(.text)
 .text          0x0000000008000188       0x40 e:/st/stm32cubeide_1.7.0/stm32cubeide/plugins/com.st.stm32cube.ide.mcu.externaltools.gnu-tools-for-stm32.9-2020-q2-update.win32_2.0.0.202105311346/tools/bin/../lib/gcc/arm-none-eabi/9.3.1/thumb/v7e-m+fp/hard/crtbegin.o
 *(.text*)
 .text.__NVIC_GetPriorityGrouping
                0x00000000080001c8       0x1c ./Core/Src/gpio.o
 .text.__NVIC_EnableIRQ
                0x00000000080001e4       0x3c ./Core/Src/gpio.o
 .text.__NVIC_SetPriority
                0x0000000008000220       0x54 ./Core/Src/gpio.o
 .text.NVIC_EncodePriority
                0x0000000008000274       0x66 ./Core/Src/gpio.o
 *fill*         0x00000000080002da        0x2 
 .text.LL_AHB1_GRP1_EnableClock
                0x00000000080002dc       0x30 ./Core/Src/gpio.o
 .text.LL_SYSCFG_SetEXTISource
                0x000000000800030c       0x5c ./Core/Src/gpio.o
 .text.LL_GPIO_SetPinMode
                0x0000000008000368       0x5e ./Core/Src/gpio.o
 .text.LL_GPIO_SetPinPull
                0x00000000080003c6       0x5e ./Core/Src/gpio.o
 .text.LL_GPIO_ResetOutputPin
                0x0000000008000424       0x1c ./Core/Src/gpio.o
 .text.MX_GPIO_Init
                0x0000000008000440       0xcc ./Core/Src/gpio.o
                0x0000000008000440                MX_GPIO_Init
 .text.__NVIC_SetPriorityGrouping
                0x000000000800050c       0x48 ./Core/Src/main.o
 .text.__NVIC_GetPriorityGrouping
                0x0000000008000554       0x1c ./Core/Src/main.o
 .text.__NVIC_SetPriority
                0x0000000008000570       0x54 ./Core/Src/main.o
 .text.NVIC_EncodePriority
                0x00000000080005c4       0x66 ./Core/Src/main.o
 *fill*         0x000000000800062a        0x2 
 .text.LL_RCC_HSI_Enable
                0x000000000800062c       0x20 ./Core/Src/main.o
 .text.LL_RCC_HSI_IsReady
                0x000000000800064c       0x24 ./Core/Src/main.o
 .text.LL_RCC_HSI_SetCalibTrimming
                0x0000000008000670       0x2c ./Core/Src/main.o
 .text.LL_RCC_SetSysClkSource
                0x000000000800069c       0x28 ./Core/Src/main.o
 .text.LL_RCC_GetSysClkSource
                0x00000000080006c4       0x1c ./Core/Src/main.o
 .text.LL_RCC_SetAHBPrescaler
                0x00000000080006e0       0x28 ./Core/Src/main.o
 .text.LL_RCC_SetAPB1Prescaler
                0x0000000008000708       0x28 ./Core/Src/main.o
 .text.LL_RCC_SetAPB2Prescaler
                0x0000000008000730       0x28 ./Core/Src/main.o
 .text.LL_APB1_GRP1_EnableClock
                0x0000000008000758       0x30 ./Core/Src/main.o
 .text.LL_APB2_GRP1_EnableClock
                0x0000000008000788       0x30 ./Core/Src/main.o
 .text.LL_FLASH_SetLatency
                0x00000000080007b8       0x28 ./Core/Src/main.o
 .text.LL_FLASH_GetLatency
                0x00000000080007e0       0x1c ./Core/Src/main.o
 .text.LL_EXTI_ClearFlag_0_31
                0x00000000080007fc       0x20 ./Core/Src/main.o
 .text.LL_GPIO_ReadInputPort
                0x000000000800081c       0x18 ./Core/Src/main.o
 .text.LL_GPIO_SetOutputPin
                0x0000000008000834       0x1c ./Core/Src/main.o
 .text.LL_GPIO_ResetOutputPin
                0x0000000008000850       0x1c ./Core/Src/main.o
 .text.main     0x000000000800086c       0x94 ./Core/Src/main.o
                0x000000000800086c                main
 .text.SystemClock_Config
                0x0000000008000900       0x64 ./Core/Src/main.o
                0x0000000008000900                SystemClock_Config
 .text.checkButtonState
                0x0000000008000964       0x9c ./Core/Src/main.o
                0x0000000008000964                checkButtonState
 .text.EXTI4_IRQHandler
                0x0000000008000a00       0x40 ./Core/Src/main.o
                0x0000000008000a00                EXTI4_IRQHandler
 .text.NMI_Handler
                0x0000000008000a40        0x6 ./Core/Src/stm32f3xx_it.o
                0x0000000008000a40                NMI_Handler
 .text.HardFault_Handler
                0x0000000008000a46        0x6 ./Core/Src/stm32f3xx_it.o
                0x0000000008000a46                HardFault_Handler
 .text.MemManage_Handler
                0x0000000008000a4c        0x6 ./Core/Src/stm32f3xx_it.o
                0x0000000008000a4c                MemManage_Handler
 .text.BusFault_Handler
                0x0000000008000a52        0x6 ./Core/Src/stm32f3xx_it.o
                0x0000000008000a52                BusFault_Handler
 .text.UsageFault_Handler
                0x0000000008000a58        0x6 ./Core/Src/stm32f3xx_it.o
                0x0000000008000a58                UsageFault_Handler
 .text.SVC_Handler
                0x0000000008000a5e        0xe ./Core/Src/stm32f3xx_it.o
                0x0000000008000a5e                SVC_Handler
 .text.DebugMon_Handler
                0x0000000008000a6c        0xe ./Core/Src/stm32f3xx_it.o
                0x0000000008000a6c                DebugMon_Handler
 .text.PendSV_Handler
                0x0000000008000a7a        0xe ./Core/Src/stm32f3xx_it.o
                0x0000000008000a7a                PendSV_Handler
 .text.SysTick_Handler
                0x0000000008000a88        0xe ./Core/Src/stm32f3xx_it.o
                0x0000000008000a88                SysTick_Handler
 *fill*         0x0000000008000a96        0x2 
 .text.SystemInit
                0x0000000008000a98       0x24 ./Core/Src/system_stm32f3xx.o
                0x0000000008000a98                SystemInit
 .text.Reset_Handler
                0x0000000008000abc       0x50 ./Core/Startup/startup_stm32f303k8tx.o
                0x0000000008000abc                Reset_Handler
 .text.Default_Handler
                0x0000000008000b0c        0x2 ./Core/Startup/startup_stm32f303k8tx.o
                0x0000000008000b0c                RTC_Alarm_IRQHandler
                0x0000000008000b0c                TIM1_CC_IRQHandler
                0x0000000008000b0c                PVD_IRQHandler
                0x0000000008000b0c                TAMP_STAMP_IRQHandler
                0x0000000008000b0c                EXTI3_IRQHandler
                0x0000000008000b0c                EXTI0_IRQHandler
                0x0000000008000b0c                FPU_IRQHandler
                0x0000000008000b0c                CAN_TX_IRQHandler
                0x0000000008000b0c                TIM1_UP_TIM16_IRQHandler
                0x0000000008000b0c                ADC1_2_IRQHandler
                0x0000000008000b0c                SPI1_IRQHandler
                0x0000000008000b0c                CAN_SCE_IRQHandler
                0x0000000008000b0c                DMA1_Channel4_IRQHandler
                0x0000000008000b0c                USART3_IRQHandler
                0x0000000008000b0c                DMA1_Channel7_IRQHandler
                0x0000000008000b0c                TIM7_DAC2_IRQHandler
                0x0000000008000b0c                CAN_RX1_IRQHandler
                0x0000000008000b0c                I2C1_EV_IRQHandler
                0x0000000008000b0c                DMA1_Channel6_IRQHandler
                0x0000000008000b0c                TIM3_IRQHandler
                0x0000000008000b0c                RCC_IRQHandler
                0x0000000008000b0c                DMA1_Channel1_IRQHandler
                0x0000000008000b0c                Default_Handler
                0x0000000008000b0c                EXTI15_10_IRQHandler
                0x0000000008000b0c                COMP2_IRQHandler
                0x0000000008000b0c                TIM6_DAC1_IRQHandler
                0x0000000008000b0c                EXTI9_5_IRQHandler
                0x0000000008000b0c                RTC_WKUP_IRQHandler
                0x0000000008000b0c                DMA1_Channel5_IRQHandler
                0x0000000008000b0c                TIM1_TRG_COM_TIM17_IRQHandler
                0x0000000008000b0c                DMA1_Channel3_IRQHandler
                0x0000000008000b0c                WWDG_IRQHandler
                0x0000000008000b0c                TIM2_IRQHandler
                0x0000000008000b0c                EXTI1_IRQHandler
                0x0000000008000b0c                COMP4_6_IRQHandler
                0x0000000008000b0c                USART2_IRQHandler
                0x0000000008000b0c                DMA1_Channel2_IRQHandler
                0x0000000008000b0c                FLASH_IRQHandler
                0x0000000008000b0c                USART1_IRQHandler
                0x0000000008000b0c                CAN_RX0_IRQHandler
                0x0000000008000b0c                I2C1_ER_IRQHandler
                0x0000000008000b0c                EXTI2_TSC_IRQHandler
                0x0000000008000b0c                TIM1_BRK_TIM15_IRQHandler
 *fill*         0x0000000008000b0e        0x2 
 .text.LL_EXTI_EnableIT_0_31
                0x0000000008000b10       0x24 ./Drivers/STM32F3xx_HAL_Driver/Src/stm32f3xx_ll_exti.o
 .text.LL_EXTI_EnableIT_32_63
                0x0000000008000b34       0x24 ./Drivers/STM32F3xx_HAL_Driver/Src/stm32f3xx_ll_exti.o
 .text.LL_EXTI_DisableIT_0_31
                0x0000000008000b58       0x28 ./Drivers/STM32F3xx_HAL_Driver/Src/stm32f3xx_ll_exti.o
 .text.LL_EXTI_DisableIT_32_63
                0x0000000008000b80       0x28 ./Drivers/STM32F3xx_HAL_Driver/Src/stm32f3xx_ll_exti.o
 .text.LL_EXTI_EnableEvent_0_31
                0x0000000008000ba8       0x24 ./Drivers/STM32F3xx_HAL_Driver/Src/stm32f3xx_ll_exti.o
 .text.LL_EXTI_EnableEvent_32_63
                0x0000000008000bcc       0x24 ./Drivers/STM32F3xx_HAL_Driver/Src/stm32f3xx_ll_exti.o
 .text.LL_EXTI_DisableEvent_0_31
                0x0000000008000bf0       0x28 ./Drivers/STM32F3xx_HAL_Driver/Src/stm32f3xx_ll_exti.o
 .text.LL_EXTI_DisableEvent_32_63
                0x0000000008000c18       0x28 ./Drivers/STM32F3xx_HAL_Driver/Src/stm32f3xx_ll_exti.o
 .text.LL_EXTI_EnableRisingTrig_0_31
                0x0000000008000c40       0x24 ./Drivers/STM32F3xx_HAL_Driver/Src/stm32f3xx_ll_exti.o
 .text.LL_EXTI_EnableRisingTrig_32_63
                0x0000000008000c64       0x24 ./Drivers/STM32F3xx_HAL_Driver/Src/stm32f3xx_ll_exti.o
 .text.LL_EXTI_DisableRisingTrig_0_31
                0x0000000008000c88       0x28 ./Drivers/STM32F3xx_HAL_Driver/Src/stm32f3xx_ll_exti.o
 .text.LL_EXTI_DisableRisingTrig_32_63
                0x0000000008000cb0       0x28 ./Drivers/STM32F3xx_HAL_Driver/Src/stm32f3xx_ll_exti.o
 .text.LL_EXTI_EnableFallingTrig_0_31
                0x0000000008000cd8       0x24 ./Drivers/STM32F3xx_HAL_Driver/Src/stm32f3xx_ll_exti.o
 .text.LL_EXTI_EnableFallingTrig_32_63
                0x0000000008000cfc       0x24 ./Drivers/STM32F3xx_HAL_Driver/Src/stm32f3xx_ll_exti.o
 .text.LL_EXTI_DisableFallingTrig_0_31
                0x0000000008000d20       0x28 ./Drivers/STM32F3xx_HAL_Driver/Src/stm32f3xx_ll_exti.o
 .text.LL_EXTI_DisableFallingTrig_32_63
                0x0000000008000d48       0x28 ./Drivers/STM32F3xx_HAL_Driver/Src/stm32f3xx_ll_exti.o
 .text.LL_EXTI_Init
                0x0000000008000d70      0x1e6 ./Drivers/STM32F3xx_HAL_Driver/Src/stm32f3xx_ll_exti.o
                0x0000000008000d70                LL_EXTI_Init
 .text.LL_GPIO_SetPinMode
                0x0000000008000f56       0x5e ./Drivers/STM32F3xx_HAL_Driver/Src/stm32f3xx_ll_gpio.o
 .text.LL_GPIO_SetPinOutputType
                0x0000000008000fb4       0x30 ./Drivers/STM32F3xx_HAL_Driver/Src/stm32f3xx_ll_gpio.o
 .text.LL_GPIO_SetPinSpeed
                0x0000000008000fe4       0x5e ./Drivers/STM32F3xx_HAL_Driver/Src/stm32f3xx_ll_gpio.o
 .text.LL_GPIO_SetPinPull
                0x0000000008001042       0x5e ./Drivers/STM32F3xx_HAL_Driver/Src/stm32f3xx_ll_gpio.o
 .text.LL_GPIO_SetAFPin_0_7
                0x00000000080010a0       0x5e ./Drivers/STM32F3xx_HAL_Driver/Src/stm32f3xx_ll_gpio.o
 .text.LL_GPIO_SetAFPin_8_15
                0x00000000080010fe       0x62 ./Drivers/STM32F3xx_HAL_Driver/Src/stm32f3xx_ll_gpio.o
 .text.LL_GPIO_Init
                0x0000000008001160       0xe0 ./Drivers/STM32F3xx_HAL_Driver/Src/stm32f3xx_ll_gpio.o
                0x0000000008001160                LL_GPIO_Init
 .text.LL_InitTick
                0x0000000008001240       0x34 ./Drivers/STM32F3xx_HAL_Driver/Src/stm32f3xx_ll_utils.o
 .text.LL_Init1msTick
                0x0000000008001274       0x1a ./Drivers/STM32F3xx_HAL_Driver/Src/stm32f3xx_ll_utils.o
                0x0000000008001274                LL_Init1msTick
 *fill*         0x000000000800128e        0x2 
 .text.LL_SetSystemCoreClock
                0x0000000008001290       0x20 ./Drivers/STM32F3xx_HAL_Driver/Src/stm32f3xx_ll_utils.o
                0x0000000008001290                LL_SetSystemCoreClock
 .text.__libc_init_array
                0x00000000080012b0       0x48 e:/st/stm32cubeide_1.7.0/stm32cubeide/plugins/com.st.stm32cube.ide.mcu.externaltools.gnu-tools-for-stm32.9-2020-q2-update.win32_2.0.0.202105311346/tools/bin/../lib/gcc/arm-none-eabi/9.3.1/../../../../arm-none-eabi/lib/thumb/v7e-m+fp/hard\libc_nano.a(lib_a-init.o)
                0x00000000080012b0                __libc_init_array
 *(.glue_7)
 .glue_7        0x00000000080012f8        0x0 linker stubs
 *(.glue_7t)
 .glue_7t       0x00000000080012f8        0x0 linker stubs
 *(.eh_frame)
 .eh_frame      0x00000000080012f8        0x0 e:/st/stm32cubeide_1.7.0/stm32cubeide/plugins/com.st.stm32cube.ide.mcu.externaltools.gnu-tools-for-stm32.9-2020-q2-update.win32_2.0.0.202105311346/tools/bin/../lib/gcc/arm-none-eabi/9.3.1/thumb/v7e-m+fp/hard/crtbegin.o
 *(.init)
 .init          0x00000000080012f8        0x4 e:/st/stm32cubeide_1.7.0/stm32cubeide/plugins/com.st.stm32cube.ide.mcu.externaltools.gnu-tools-for-stm32.9-2020-q2-update.win32_2.0.0.202105311346/tools/bin/../lib/gcc/arm-none-eabi/9.3.1/thumb/v7e-m+fp/hard/crti.o
                0x00000000080012f8                _init
 .init          0x00000000080012fc        0x8 e:/st/stm32cubeide_1.7.0/stm32cubeide/plugins/com.st.stm32cube.ide.mcu.externaltools.gnu-tools-for-stm32.9-2020-q2-update.win32_2.0.0.202105311346/tools/bin/../lib/gcc/arm-none-eabi/9.3.1/thumb/v7e-m+fp/hard/crtn.o
 *(.fini)
 .fini          0x0000000008001304        0x4 e:/st/stm32cubeide_1.7.0/stm32cubeide/plugins/com.st.stm32cube.ide.mcu.externaltools.gnu-tools-for-stm32.9-2020-q2-update.win32_2.0.0.202105311346/tools/bin/../lib/gcc/arm-none-eabi/9.3.1/thumb/v7e-m+fp/hard/crti.o
                0x0000000008001304                _fini
 .fini          0x0000000008001308        0x8 e:/st/stm32cubeide_1.7.0/stm32cubeide/plugins/com.st.stm32cube.ide.mcu.externaltools.gnu-tools-for-stm32.9-2020-q2-update.win32_2.0.0.202105311346/tools/bin/../lib/gcc/arm-none-eabi/9.3.1/thumb/v7e-m+fp/hard/crtn.o
                0x0000000008001310                . = ALIGN (0x4)
                0x0000000008001310                _etext = .

.vfp11_veneer   0x0000000008001310        0x0
 .vfp11_veneer  0x0000000008001310        0x0 linker stubs

.v4_bx          0x0000000008001310        0x0
 .v4_bx         0x0000000008001310        0x0 linker stubs

.iplt           0x0000000008001310        0x0
 .iplt          0x0000000008001310        0x0 e:/st/stm32cubeide_1.7.0/stm32cubeide/plugins/com.st.stm32cube.ide.mcu.externaltools.gnu-tools-for-stm32.9-2020-q2-update.win32_2.0.0.202105311346/tools/bin/../lib/gcc/arm-none-eabi/9.3.1/thumb/v7e-m+fp/hard/crtbegin.o

.rel.dyn        0x0000000008001310        0x0
 .rel.iplt      0x0000000008001310        0x0 e:/st/stm32cubeide_1.7.0/stm32cubeide/plugins/com.st.stm32cube.ide.mcu.externaltools.gnu-tools-for-stm32.9-2020-q2-update.win32_2.0.0.202105311346/tools/bin/../lib/gcc/arm-none-eabi/9.3.1/thumb/v7e-m+fp/hard/crtbegin.o

.rodata         0x0000000008001310        0x0
                0x0000000008001310                . = ALIGN (0x4)
 *(.rodata)
 *(.rodata*)
                0x0000000008001310                . = ALIGN (0x4)

.ARM.extab      0x0000000008001310        0x0
                0x0000000008001310                . = ALIGN (0x4)
 *(.ARM.extab* .gnu.linkonce.armextab.*)
                0x0000000008001310                . = ALIGN (0x4)

.ARM            0x0000000008001310        0x0
                0x0000000008001310                . = ALIGN (0x4)
                0x0000000008001310                __exidx_start = .
 *(.ARM.exidx*)
                0x0000000008001310                __exidx_end = .
                0x0000000008001310                . = ALIGN (0x4)

.preinit_array  0x0000000008001310        0x0
                0x0000000008001310                . = ALIGN (0x4)
                0x0000000008001310                PROVIDE (__preinit_array_start = .)
 *(.preinit_array*)
                0x0000000008001310                PROVIDE (__preinit_array_end = .)
                0x0000000008001310                . = ALIGN (0x4)

.init_array     0x0000000008001310        0x4
                0x0000000008001310                . = ALIGN (0x4)
                0x0000000008001310                PROVIDE (__init_array_start = .)
 *(SORT_BY_NAME(.init_array.*))
 *(.init_array*)
 .init_array    0x0000000008001310        0x4 e:/st/stm32cubeide_1.7.0/stm32cubeide/plugins/com.st.stm32cube.ide.mcu.externaltools.gnu-tools-for-stm32.9-2020-q2-update.win32_2.0.0.202105311346/tools/bin/../lib/gcc/arm-none-eabi/9.3.1/thumb/v7e-m+fp/hard/crtbegin.o
                0x0000000008001314                PROVIDE (__init_array_end = .)
                0x0000000008001314                . = ALIGN (0x4)

.fini_array     0x0000000008001314        0x4
                0x0000000008001314                . = ALIGN (0x4)
                [!provide]                        PROVIDE (__fini_array_start = .)
 *(SORT_BY_NAME(.fini_array.*))
 *(.fini_array*)
 .fini_array    0x0000000008001314        0x4 e:/st/stm32cubeide_1.7.0/stm32cubeide/plugins/com.st.stm32cube.ide.mcu.externaltools.gnu-tools-for-stm32.9-2020-q2-update.win32_2.0.0.202105311346/tools/bin/../lib/gcc/arm-none-eabi/9.3.1/thumb/v7e-m+fp/hard/crtbegin.o
                [!provide]                        PROVIDE (__fini_array_end = .)
                0x0000000008001318                . = ALIGN (0x4)
                0x0000000008001318                _sidata = LOADADDR (.data)

.data           0x0000000020000000        0x4 load address 0x0000000008001318
                0x0000000020000000                . = ALIGN (0x4)
                0x0000000020000000                _sdata = .
 *(.data)
 *(.data*)
 .data.SystemCoreClock
                0x0000000020000000        0x4 ./Core/Src/system_stm32f3xx.o
                0x0000000020000000                SystemCoreClock
 *(.RamFunc)
 *(.RamFunc*)
                0x0000000020000004                . = ALIGN (0x4)
                0x0000000020000004                _edata = .
                0x000000000800131c                _siccmram = LOADADDR (.ccmram)

.igot.plt       0x0000000020000004        0x0 load address 0x000000000800131c
 .igot.plt      0x0000000020000004        0x0 e:/st/stm32cubeide_1.7.0/stm32cubeide/plugins/com.st.stm32cube.ide.mcu.externaltools.gnu-tools-for-stm32.9-2020-q2-update.win32_2.0.0.202105311346/tools/bin/../lib/gcc/arm-none-eabi/9.3.1/thumb/v7e-m+fp/hard/crtbegin.o

.ccmram         0x0000000010000000        0x0 load address 0x000000000800131c
                0x0000000010000000                . = ALIGN (0x4)
                0x0000000010000000                _sccmram = .
 *(.ccmram)
 *(.ccmram*)
                0x0000000010000000                . = ALIGN (0x4)
                0x0000000010000000                _eccmram = .
                0x0000000010000000                . = ALIGN (0x4)

.bss            0x0000000020000004       0x20
                0x0000000020000004                _sbss = .
                0x0000000020000004                __bss_start__ = _sbss
 *(.bss)
 .bss           0x0000000020000004       0x1c e:/st/stm32cubeide_1.7.0/stm32cubeide/plugins/com.st.stm32cube.ide.mcu.externaltools.gnu-tools-for-stm32.9-2020-q2-update.win32_2.0.0.202105311346/tools/bin/../lib/gcc/arm-none-eabi/9.3.1/thumb/v7e-m+fp/hard/crtbegin.o
 *(.bss*)
 .bss.switch_state
                0x0000000020000020        0x1 ./Core/Src/main.o
                0x0000000020000020                switch_state
 *(COMMON)
                0x0000000020000024                . = ALIGN (0x4)
 *fill*         0x0000000020000021        0x3 
                0x0000000020000024                _ebss = .
                0x0000000020000024                __bss_end__ = _ebss

._user_heap_stack
                0x0000000020000024      0x604
                0x0000000020000028                . = ALIGN (0x8)
 *fill*         0x0000000020000024        0x4 
                [!provide]                        PROVIDE (end = .)
                0x0000000020000028                PROVIDE (_end = .)
                0x0000000020000228                . = (. + _Min_Heap_Size)
 *fill*         0x0000000020000028      0x200 
                0x0000000020000628                . = (. + _Min_Stack_Size)
 *fill*         0x0000000020000228      0x400 
                0x0000000020000628                . = ALIGN (0x8)

/DISCARD/
 libc.a(*)
 libm.a(*)
 libgcc.a(*)

.ARM.attributes
                0x0000000000000000       0x30
 *(.ARM.attributes)
 .ARM.attributes
                0x0000000000000000       0x1e e:/st/stm32cubeide_1.7.0/stm32cubeide/plugins/com.st.stm32cube.ide.mcu.externaltools.gnu-tools-for-stm32.9-2020-q2-update.win32_2.0.0.202105311346/tools/bin/../lib/gcc/arm-none-eabi/9.3.1/thumb/v7e-m+fp/hard/crti.o
 .ARM.attributes
                0x000000000000001e       0x34 e:/st/stm32cubeide_1.7.0/stm32cubeide/plugins/com.st.stm32cube.ide.mcu.externaltools.gnu-tools-for-stm32.9-2020-q2-update.win32_2.0.0.202105311346/tools/bin/../lib/gcc/arm-none-eabi/9.3.1/thumb/v7e-m+fp/hard/crtbegin.o
 .ARM.attributes
                0x0000000000000052       0x34 ./Core/Src/gpio.o
 .ARM.attributes
                0x0000000000000086       0x34 ./Core/Src/main.o
 .ARM.attributes
                0x00000000000000ba       0x34 ./Core/Src/stm32f3xx_it.o
 .ARM.attributes
                0x00000000000000ee       0x34 ./Core/Src/system_stm32f3xx.o
 .ARM.attributes
                0x0000000000000122       0x21 ./Core/Startup/startup_stm32f303k8tx.o
 .ARM.attributes
                0x0000000000000143       0x34 ./Drivers/STM32F3xx_HAL_Driver/Src/stm32f3xx_ll_exti.o
 .ARM.attributes
                0x0000000000000177       0x34 ./Drivers/STM32F3xx_HAL_Driver/Src/stm32f3xx_ll_gpio.o
 .ARM.attributes
                0x00000000000001ab       0x34 ./Drivers/STM32F3xx_HAL_Driver/Src/stm32f3xx_ll_utils.o
 .ARM.attributes
                0x00000000000001df       0x34 e:/st/stm32cubeide_1.7.0/stm32cubeide/plugins/com.st.stm32cube.ide.mcu.externaltools.gnu-tools-for-stm32.9-2020-q2-update.win32_2.0.0.202105311346/tools/bin/../lib/gcc/arm-none-eabi/9.3.1/../../../../arm-none-eabi/lib/thumb/v7e-m+fp/hard\libc_nano.a(lib_a-init.o)
 .ARM.attributes
                0x0000000000000213       0x1e e:/st/stm32cubeide_1.7.0/stm32cubeide/plugins/com.st.stm32cube.ide.mcu.externaltools.gnu-tools-for-stm32.9-2020-q2-update.win32_2.0.0.202105311346/tools/bin/../lib/gcc/arm-none-eabi/9.3.1/thumb/v7e-m+fp/hard/crtn.o
OUTPUT(VRS-zadanie-cv5.elf elf32-littlearm)
LOAD linker stubs
LOAD e:/st/stm32cubeide_1.7.0/stm32cubeide/plugins/com.st.stm32cube.ide.mcu.externaltools.gnu-tools-for-stm32.9-2020-q2-update.win32_2.0.0.202105311346/tools/bin/../lib/gcc/arm-none-eabi/9.3.1/../../../../arm-none-eabi/lib/thumb/v7e-m+fp/hard\libc.a
LOAD e:/st/stm32cubeide_1.7.0/stm32cubeide/plugins/com.st.stm32cube.ide.mcu.externaltools.gnu-tools-for-stm32.9-2020-q2-update.win32_2.0.0.202105311346/tools/bin/../lib/gcc/arm-none-eabi/9.3.1/../../../../arm-none-eabi/lib/thumb/v7e-m+fp/hard\libm.a
LOAD e:/st/stm32cubeide_1.7.0/stm32cubeide/plugins/com.st.stm32cube.ide.mcu.externaltools.gnu-tools-for-stm32.9-2020-q2-update.win32_2.0.0.202105311346/tools/bin/../lib/gcc/arm-none-eabi/9.3.1/thumb/v7e-m+fp/hard\libgcc.a

.debug_info     0x0000000000000000     0x3614
 .debug_info    0x0000000000000000      0xc5b ./Core/Src/gpio.o
 .debug_info    0x0000000000000c5b      0xd7a ./Core/Src/main.o
 .debug_info    0x00000000000019d5      0x1e6 ./Core/Src/stm32f3xx_it.o
 .debug_info    0x0000000000001bbb      0x439 ./Core/Src/system_stm32f3xx.o
 .debug_info    0x0000000000001ff4       0x22 ./Core/Startup/startup_stm32f303k8tx.o
 .debug_info    0x0000000000002016      0x59b ./Drivers/STM32F3xx_HAL_Driver/Src/stm32f3xx_ll_exti.o
 .debug_info    0x00000000000025b1      0x7ce ./Drivers/STM32F3xx_HAL_Driver/Src/stm32f3xx_ll_gpio.o
 .debug_info    0x0000000000002d7f      0x895 ./Drivers/STM32F3xx_HAL_Driver/Src/stm32f3xx_ll_utils.o

.debug_abbrev   0x0000000000000000      0xdae
 .debug_abbrev  0x0000000000000000      0x272 ./Core/Src/gpio.o
 .debug_abbrev  0x0000000000000272      0x295 ./Core/Src/main.o
 .debug_abbrev  0x0000000000000507       0xad ./Core/Src/stm32f3xx_it.o
 .debug_abbrev  0x00000000000005b4      0x129 ./Core/Src/system_stm32f3xx.o
 .debug_abbrev  0x00000000000006dd       0x12 ./Core/Startup/startup_stm32f303k8tx.o
 .debug_abbrev  0x00000000000006ef      0x1c2 ./Drivers/STM32F3xx_HAL_Driver/Src/stm32f3xx_ll_exti.o
 .debug_abbrev  0x00000000000008b1      0x23b ./Drivers/STM32F3xx_HAL_Driver/Src/stm32f3xx_ll_gpio.o
 .debug_abbrev  0x0000000000000aec      0x2c2 ./Drivers/STM32F3xx_HAL_Driver/Src/stm32f3xx_ll_utils.o

.debug_aranges  0x0000000000000000      0x408
 .debug_aranges
                0x0000000000000000       0x68 ./Core/Src/gpio.o
 .debug_aranges
                0x0000000000000068       0xe0 ./Core/Src/main.o
 .debug_aranges
                0x0000000000000148       0x60 ./Core/Src/stm32f3xx_it.o
 .debug_aranges
                0x00000000000001a8       0x28 ./Core/Src/system_stm32f3xx.o
 .debug_aranges
                0x00000000000001d0       0x28 ./Core/Startup/startup_stm32f303k8tx.o
 .debug_aranges
                0x00000000000001f8       0xb0 ./Drivers/STM32F3xx_HAL_Driver/Src/stm32f3xx_ll_exti.o
 .debug_aranges
                0x00000000000002a8       0x70 ./Drivers/STM32F3xx_HAL_Driver/Src/stm32f3xx_ll_gpio.o
 .debug_aranges
                0x0000000000000318       0xf0 ./Drivers/STM32F3xx_HAL_Driver/Src/stm32f3xx_ll_utils.o

.debug_ranges   0x0000000000000000      0x390
 .debug_ranges  0x0000000000000000       0x58 ./Core/Src/gpio.o
 .debug_ranges  0x0000000000000058       0xd0 ./Core/Src/main.o
 .debug_ranges  0x0000000000000128       0x50 ./Core/Src/stm32f3xx_it.o
 .debug_ranges  0x0000000000000178       0x18 ./Core/Src/system_stm32f3xx.o
 .debug_ranges  0x0000000000000190       0x20 ./Core/Startup/startup_stm32f303k8tx.o
 .debug_ranges  0x00000000000001b0       0xa0 ./Drivers/STM32F3xx_HAL_Driver/Src/stm32f3xx_ll_exti.o
 .debug_ranges  0x0000000000000250       0x60 ./Drivers/STM32F3xx_HAL_Driver/Src/stm32f3xx_ll_gpio.o
 .debug_ranges  0x00000000000002b0       0xe0 ./Drivers/STM32F3xx_HAL_Driver/Src/stm32f3xx_ll_utils.o

.debug_macro    0x0000000000000000    0x14406
 .debug_macro   0x0000000000000000      0x12d ./Core/Src/gpio.o
 .debug_macro   0x000000000000012d      0xade ./Core/Src/gpio.o
 .debug_macro   0x0000000000000c0b       0x2e ./Core/Src/gpio.o
 .debug_macro   0x0000000000000c39       0x28 ./Core/Src/gpio.o
 .debug_macro   0x0000000000000c61       0x22 ./Core/Src/gpio.o
 .debug_macro   0x0000000000000c83       0x8e ./Core/Src/gpio.o
 .debug_macro   0x0000000000000d11       0x51 ./Core/Src/gpio.o
 .debug_macro   0x0000000000000d62      0x103 ./Core/Src/gpio.o
 .debug_macro   0x0000000000000e65       0x6a ./Core/Src/gpio.o
 .debug_macro   0x0000000000000ecf      0x1df ./Core/Src/gpio.o
 .debug_macro   0x00000000000010ae       0x1c ./Core/Src/gpio.o
 .debug_macro   0x00000000000010ca       0x22 ./Core/Src/gpio.o
 .debug_macro   0x00000000000010ec       0xdf ./Core/Src/gpio.o
 .debug_macro   0x00000000000011cb      0xf07 ./Core/Src/gpio.o
 .debug_macro   0x00000000000020d2    0x10be0 ./Core/Src/gpio.o
 .debug_macro   0x0000000000012cb2       0x6d ./Core/Src/gpio.o
 .debug_macro   0x0000000000012d1f      0x4bc ./Core/Src/gpio.o
 .debug_macro   0x00000000000131db       0xe1 ./Core/Src/gpio.o
 .debug_macro   0x00000000000132bc      0x29f ./Core/Src/gpio.o
 .debug_macro   0x000000000001355b       0xfe ./Core/Src/gpio.o
 .debug_macro   0x0000000000013659       0x28 ./Core/Src/gpio.o
 .debug_macro   0x0000000000013681       0x30 ./Core/Src/gpio.o
 .debug_macro   0x00000000000136b1       0xa8 ./Core/Src/gpio.o
 .debug_macro   0x0000000000013759      0x287 ./Core/Src/gpio.o
 .debug_macro   0x00000000000139e0      0x142 ./Core/Src/gpio.o
 .debug_macro   0x0000000000013b22       0x22 ./Core/Src/gpio.o
 .debug_macro   0x0000000000013b44      0x13a ./Core/Src/main.o
 .debug_macro   0x0000000000013c7e       0x46 ./Core/Src/main.o
 .debug_macro   0x0000000000013cc4      0x12d ./Core/Src/stm32f3xx_it.o
 .debug_macro   0x0000000000013df1       0xbd ./Core/Src/system_stm32f3xx.o
 .debug_macro   0x0000000000013eae       0xea ./Drivers/STM32F3xx_HAL_Driver/Src/stm32f3xx_ll_exti.o
 .debug_macro   0x0000000000013f98       0xf8 ./Drivers/STM32F3xx_HAL_Driver/Src/stm32f3xx_ll_exti.o
 .debug_macro   0x0000000000014090       0xff ./Drivers/STM32F3xx_HAL_Driver/Src/stm32f3xx_ll_gpio.o
 .debug_macro   0x000000000001418f      0x13c ./Drivers/STM32F3xx_HAL_Driver/Src/stm32f3xx_ll_gpio.o
 .debug_macro   0x00000000000142cb      0x13b ./Drivers/STM32F3xx_HAL_Driver/Src/stm32f3xx_ll_utils.o

.debug_line     0x0000000000000000     0x3386
 .debug_line    0x0000000000000000      0x75a ./Core/Src/gpio.o
 .debug_line    0x000000000000075a      0x95d ./Core/Src/main.o
 .debug_line    0x00000000000010b7      0x61f ./Core/Src/stm32f3xx_it.o
 .debug_line    0x00000000000016d6      0x4d8 ./Core/Src/system_stm32f3xx.o
 .debug_line    0x0000000000001bae       0x88 ./Core/Startup/startup_stm32f303k8tx.o
 .debug_line    0x0000000000001c36      0x703 ./Drivers/STM32F3xx_HAL_Driver/Src/stm32f3xx_ll_exti.o
 .debug_line    0x0000000000002339      0x73a ./Drivers/STM32F3xx_HAL_Driver/Src/stm32f3xx_ll_gpio.o
 .debug_line    0x0000000000002a73      0x913 ./Drivers/STM32F3xx_HAL_Driver/Src/stm32f3xx_ll_utils.o

.debug_str      0x0000000000000000    0x6df4d
 .debug_str     0x0000000000000000    0x6c292 ./Core/Src/gpio.o
                                      0x6c52c (size before relaxing)
 .debug_str     0x000000000006c292      0x3da ./Core/Src/main.o
                                      0x6c74a (size before relaxing)
 .debug_str     0x000000000006c66c       0xbd ./Core/Src/stm32f3xx_it.o
                                      0x6befb (size before relaxing)
 .debug_str     0x000000000006c729       0x5f ./Core/Src/system_stm32f3xx.o
                                      0x6570f (size before relaxing)
 .debug_str     0x000000000006c788       0x36 ./Core/Startup/startup_stm32f303k8tx.o
                                         0x70 (size before relaxing)
 .debug_str     0x000000000006c7be      0x477 ./Drivers/STM32F3xx_HAL_Driver/Src/stm32f3xx_ll_exti.o
                                      0x66043 (size before relaxing)
 .debug_str     0x000000000006cc35      0x600 ./Drivers/STM32F3xx_HAL_Driver/Src/stm32f3xx_ll_gpio.o
                                      0x66a72 (size before relaxing)
 .debug_str     0x000000000006d235      0xd18 ./Drivers/STM32F3xx_HAL_Driver/Src/stm32f3xx_ll_utils.o
                                      0x6a744 (size before relaxing)

.comment        0x0000000000000000       0x53
 .comment       0x0000000000000000       0x53 ./Core/Src/gpio.o
                                         0x54 (size before relaxing)
 .comment       0x0000000000000053       0x54 ./Core/Src/main.o
 .comment       0x0000000000000053       0x54 ./Core/Src/stm32f3xx_it.o
 .comment       0x0000000000000053       0x54 ./Core/Src/system_stm32f3xx.o
 .comment       0x0000000000000053       0x54 ./Drivers/STM32F3xx_HAL_Driver/Src/stm32f3xx_ll_exti.o
 .comment       0x0000000000000053       0x54 ./Drivers/STM32F3xx_HAL_Driver/Src/stm32f3xx_ll_gpio.o
 .comment       0x0000000000000053       0x54 ./Drivers/STM32F3xx_HAL_Driver/Src/stm32f3xx_ll_utils.o

.debug_frame    0x0000000000000000      0xf5c
 .debug_frame   0x0000000000000000      0x194 ./Core/Src/gpio.o
 .debug_frame   0x0000000000000194      0x3a4 ./Core/Src/main.o
 .debug_frame   0x0000000000000538      0x108 ./Core/Src/stm32f3xx_it.o
 .debug_frame   0x0000000000000640       0x58 ./Core/Src/system_stm32f3xx.o
 .debug_frame   0x0000000000000698      0x2fc ./Drivers/STM32F3xx_HAL_Driver/Src/stm32f3xx_ll_exti.o
 .debug_frame   0x0000000000000994      0x1c0 ./Drivers/STM32F3xx_HAL_Driver/Src/stm32f3xx_ll_gpio.o
 .debug_frame   0x0000000000000b54      0x3dc ./Drivers/STM32F3xx_HAL_Driver/Src/stm32f3xx_ll_utils.o
 .debug_frame   0x0000000000000f30       0x2c e:/st/stm32cubeide_1.7.0/stm32cubeide/plugins/com.st.stm32cube.ide.mcu.externaltools.gnu-tools-for-stm32.9-2020-q2-update.win32_2.0.0.202105311346/tools/bin/../lib/gcc/arm-none-eabi/9.3.1/../../../../arm-none-eabi/lib/thumb/v7e-m+fp/hard\libc_nano.a(lib_a-init.o)
